INSTRUMENTATION_STATUS: class=com.kinosail.player.mobile.MobileAccessibilityTest
INSTRUMENTATION_STATUS: current=1
INSTRUMENTATION_STATUS: id=AndroidJUnitRunner
INSTRUMENTATION_STATUS: numtests=3
INSTRUMENTATION_STATUS: stream=
com.kinosail.player.mobile.MobileAccessibilityTest:
INSTRUMENTATION_STATUS: test=setupPassesAccessibilityChecks
INSTRUMENTATION_STATUS_CODE: 1
INSTRUMENTATION_STATUS: class=com.kinosail.player.mobile.MobileAccessibilityTest
INSTRUMENTATION_STATUS: current=1
INSTRUMENTATION_STATUS: id=AndroidJUnitRunner
INSTRUMENTATION_STATUS: numtests=3
INSTRUMENTATION_STATUS: stream=.
INSTRUMENTATION_STATUS: test=setupPassesAccessibilityChecks
INSTRUMENTATION_STATUS_CODE: 0
INSTRUMENTATION_STATUS: class=com.kinosail.player.core.PlaybackContentAccessibilityTest
INSTRUMENTATION_STATUS: current=2
INSTRUMENTATION_STATUS: id=AndroidJUnitRunner
INSTRUMENTATION_STATUS: numtests=3
INSTRUMENTATION_STATUS: stream=
com.kinosail.player.core.PlaybackContentAccessibilityTest:
INSTRUMENTATION_STATUS: test=playbackErrorPassesAccessibilityChecks
INSTRUMENTATION_STATUS_CODE: 1
INSTRUMENTATION_STATUS: class=com.kinosail.player.core.PlaybackContentAccessibilityTest
INSTRUMENTATION_STATUS: current=2
INSTRUMENTATION_STATUS: id=AndroidJUnitRunner
INSTRUMENTATION_STATUS: numtests=3
INSTRUMENTATION_STATUS: stream=.
INSTRUMENTATION_STATUS: test=playbackErrorPassesAccessibilityChecks
INSTRUMENTATION_STATUS_CODE: 0
INSTRUMENTATION_STATUS: class=com.kinosail.player.core.PlaybackContentAccessibilityTest
INSTRUMENTATION_STATUS: current=3
INSTRUMENTATION_STATUS: id=AndroidJUnitRunner
INSTRUMENTATION_STATUS: numtests=3
INSTRUMENTATION_STATUS: stream=
INSTRUMENTATION_STATUS: test=readerErrorsPassAccessibilityChecks
INSTRUMENTATION_STATUS_CODE: 1
INSTRUMENTATION_STATUS: class=com.kinosail.player.core.PlaybackContentAccessibilityTest
INSTRUMENTATION_STATUS: current=3
INSTRUMENTATION_STATUS: id=AndroidJUnitRunner
INSTRUMENTATION_STATUS: numtests=3
INSTRUMENTATION_STATUS: stream=.
INSTRUMENTATION_STATUS: test=readerErrorsPassAccessibilityChecks
INSTRUMENTATION_STATUS_CODE: 0
INSTRUMENTATION_RESULT: stream=

Time: 12.117

OK (3 tests)


INSTRUMENTATION_CODE: -1
