
Running 27 tests using 1 worker

(node:77064) Warning: The 'NO_COLOR' env is ignored due to the 'FORCE_COLOR' env being set.
(Use `node --trace-warnings ...` to show where the warning was created)
  ✓   1 [chromium] › subtitle-dashboard-layout-tests.ts:6:1 › Subtitles navigation follows the Player shell at each breakpoint (1.8s)
  ✓   2 [chromium] › subtitle-dashboard-layout-tests.ts:36:1 › phone settings expose every section without a hidden horizontal rail (793ms)
  ✓   3 [chromium] › subtitle-dashboard-layout-tests.ts:56:1 › Settings header keeps destinations inside the Player-style shell (1.0s)
  ✓   4 [chromium] › subtitle-dashboard-layout-tests.ts:135:1 › Dashboard stays readable and accessible at every supported width (5.9s)
  ✓   5 [chromium] › subtitle-dashboard-layout-tests.ts:181:1 › Dashboard preserves keyboard and high-contrast operation (907ms)
  ✓   6 [chromium] › subtitle-dashboard-layout-tests.ts:197:1 › Compact navigation does not cover the current subtitle task (11.9s)
  ✓   7 [chromium] › subtitle-dashboard-layout-tests.ts:218:1 › Dashboard preserves its task at 200 percent reflow (1.4s)
  ✓   8 [chromium] › subtitle-dashboard-layout-tests.ts:225:1 › Readiness, quota, and history remain usable on compact screens (2.9s)
  ✓   9 [chromium] › subtitle-dashboard.spec.ts:20:1 › phone search hint fits beside its submit action (1.0s)
(node:77418) Warning: The 'NO_COLOR' env is ignored due to the 'FORCE_COLOR' env being set.
(Use `node --trace-warnings ...` to show where the warning was created)
  ✓  10 [firefox] › subtitle-dashboard-layout-tests.ts:6:1 › Subtitles navigation follows the Player shell at each breakpoint (2.4s)
  ✓  11 [firefox] › subtitle-dashboard-layout-tests.ts:36:1 › phone settings expose every section without a hidden horizontal rail (757ms)
  ✓  12 [firefox] › subtitle-dashboard-layout-tests.ts:56:1 › Settings header keeps destinations inside the Player-style shell (853ms)
  ✓  13 [firefox] › subtitle-dashboard-layout-tests.ts:135:1 › Dashboard stays readable and accessible at every supported width (6.1s)
  ✓  14 [firefox] › subtitle-dashboard-layout-tests.ts:181:1 › Dashboard preserves keyboard and high-contrast operation (864ms)
  ✓  15 [firefox] › subtitle-dashboard-layout-tests.ts:197:1 › Compact navigation does not cover the current subtitle task (10.5s)
  ✓  16 [firefox] › subtitle-dashboard-layout-tests.ts:218:1 › Dashboard preserves its task at 200 percent reflow (1.2s)
  ✓  17 [firefox] › subtitle-dashboard-layout-tests.ts:225:1 › Readiness, quota, and history remain usable on compact screens (3.2s)
  ✓  18 [firefox] › subtitle-dashboard.spec.ts:20:1 › phone search hint fits beside its submit action (1.0s)
(node:77698) Warning: The 'NO_COLOR' env is ignored due to the 'FORCE_COLOR' env being set.
(Use `node --trace-warnings ...` to show where the warning was created)
  ✓  19 [webkit] › subtitle-dashboard-layout-tests.ts:6:1 › Subtitles navigation follows the Player shell at each breakpoint (2.2s)
  ✓  20 [webkit] › subtitle-dashboard-layout-tests.ts:36:1 › phone settings expose every section without a hidden horizontal rail (1.0s)
  ✓  21 [webkit] › subtitle-dashboard-layout-tests.ts:56:1 › Settings header keeps destinations inside the Player-style shell (1.5s)
  ✓  22 [webkit] › subtitle-dashboard-layout-tests.ts:135:1 › Dashboard stays readable and accessible at every supported width (7.5s)
  ✓  23 [webkit] › subtitle-dashboard-layout-tests.ts:181:1 › Dashboard preserves keyboard and high-contrast operation (1.1s)
  ✓  24 [webkit] › subtitle-dashboard-layout-tests.ts:197:1 › Compact navigation does not cover the current subtitle task (12.7s)
  ✓  25 [webkit] › subtitle-dashboard-layout-tests.ts:218:1 › Dashboard preserves its task at 200 percent reflow (1.8s)
  ✓  26 [webkit] › subtitle-dashboard-layout-tests.ts:225:1 › Readiness, quota, and history remain usable on compact screens (3.7s)
  ✓  27 [webkit] › subtitle-dashboard.spec.ts:20:1 › phone search hint fits beside its submit action (1.2s)

  27 passed (1.5m)
