
Running 36 tests using 1 worker

(node:72594) Warning: The 'NO_COLOR' env is ignored due to the 'FORCE_COLOR' env being set.
(Use `node --trace-warnings ...` to show where the warning was created)
  ✓   1 [chromium] › subtitle-history.spec.ts:29:1 › history explains new files, automatic upgrades, manual edits, restores, and older records @smoke (5.3s)
  ✓   2 [chromium] › subtitle-history.spec.ts:67:1 › a browser with the previous immutable stylesheet receives the new history layout (552ms)
  ✓   3 [chromium] › subtitle-history.spec.ts:84:1 › history keeps loaded changes during pending and failed navigation and clears them for empty results (1.1s)
  ✓   4 [chromium] › subtitle-status.spec.ts:35:1 › background completion offers refresh without closing file details (473ms)
  ✓   5 [chromium] › subtitle-status.spec.ts:47:1 › live search retains the query and paging supports browser back (412ms)
  ✓   6 [chromium] › subtitle-status.spec.ts:59:1 › failed navigation preserves the current view and exposes a retry (425ms)
  ✓   7 [chromium] › subtitle-status.spec.ts:70:1 › scrolling keeps one bounded page and explicit navigation replaces it (422ms)
  ✓   8 [chromium] › subtitle-status.spec.ts:91:1 › actions keep details open and a failed write is never retried automatically (550ms)
  ✓   9 [chromium] › subtitle-status.spec.ts:106:3 › malformed coverage null cannot trigger an update (401ms)
  ✓  10 [chromium] › subtitle-status.spec.ts:106:3 › malformed coverage "0" cannot trigger an update (359ms)
  ✓  11 [chromium] › subtitle-status.spec.ts:106:3 › malformed coverage -1 cannot trigger an update (409ms)
  ✓  12 [chromium] › subtitle-status.spec.ts:106:3 › malformed coverage 0.5 cannot trigger an update (346ms)
(node:72913) Warning: The 'NO_COLOR' env is ignored due to the 'FORCE_COLOR' env being set.
(Use `node --trace-warnings ...` to show where the warning was created)
  ✓  13 [firefox] › subtitle-history.spec.ts:29:1 › history explains new files, automatic upgrades, manual edits, restores, and older records @smoke (7.0s)
  ✓  14 [firefox] › subtitle-history.spec.ts:67:1 › a browser with the previous immutable stylesheet receives the new history layout (388ms)
  ✓  15 [firefox] › subtitle-history.spec.ts:84:1 › history keeps loaded changes during pending and failed navigation and clears them for empty results (650ms)
  ✓  16 [firefox] › subtitle-status.spec.ts:35:1 › background completion offers refresh without closing file details (340ms)
  ✓  17 [firefox] › subtitle-status.spec.ts:47:1 › live search retains the query and paging supports browser back (598ms)
  ✓  18 [firefox] › subtitle-status.spec.ts:59:1 › failed navigation preserves the current view and exposes a retry (393ms)
  ✓  19 [firefox] › subtitle-status.spec.ts:70:1 › scrolling keeps one bounded page and explicit navigation replaces it (290ms)
  ✓  20 [firefox] › subtitle-status.spec.ts:91:1 › actions keep details open and a failed write is never retried automatically (394ms)
  ✓  21 [firefox] › subtitle-status.spec.ts:106:3 › malformed coverage null cannot trigger an update (354ms)
  ✓  22 [firefox] › subtitle-status.spec.ts:106:3 › malformed coverage "0" cannot trigger an update (1.2s)
  ✓  23 [firefox] › subtitle-status.spec.ts:106:3 › malformed coverage -1 cannot trigger an update (392ms)
  ✓  24 [firefox] › subtitle-status.spec.ts:106:3 › malformed coverage 0.5 cannot trigger an update (266ms)
(node:73132) Warning: The 'NO_COLOR' env is ignored due to the 'FORCE_COLOR' env being set.
(Use `node --trace-warnings ...` to show where the warning was created)
  ✓  25 [webkit] › subtitle-history.spec.ts:29:1 › history explains new files, automatic upgrades, manual edits, restores, and older records @smoke (7.1s)
  ✓  26 [webkit] › subtitle-history.spec.ts:67:1 › a browser with the previous immutable stylesheet receives the new history layout (582ms)
  ✓  27 [webkit] › subtitle-history.spec.ts:84:1 › history keeps loaded changes during pending and failed navigation and clears them for empty results (1.0s)
  ✓  28 [webkit] › subtitle-status.spec.ts:35:1 › background completion offers refresh without closing file details (414ms)
  ✓  29 [webkit] › subtitle-status.spec.ts:47:1 › live search retains the query and paging supports browser back (469ms)
  ✓  30 [webkit] › subtitle-status.spec.ts:59:1 › failed navigation preserves the current view and exposes a retry (410ms)
  ✓  31 [webkit] › subtitle-status.spec.ts:70:1 › scrolling keeps one bounded page and explicit navigation replaces it (362ms)
  ✓  32 [webkit] › subtitle-status.spec.ts:91:1 › actions keep details open and a failed write is never retried automatically (470ms)
  ✓  33 [webkit] › subtitle-status.spec.ts:106:3 › malformed coverage null cannot trigger an update (307ms)
  ✓  34 [webkit] › subtitle-status.spec.ts:106:3 › malformed coverage "0" cannot trigger an update (306ms)
  ✓  35 [webkit] › subtitle-status.spec.ts:106:3 › malformed coverage -1 cannot trigger an update (322ms)
  ✓  36 [webkit] › subtitle-status.spec.ts:106:3 › malformed coverage 0.5 cannot trigger an update (317ms)

  36 passed (46.2s)
