
Running 45 tests using 1 worker

(node:68260) Warning: The 'NO_COLOR' env is ignored due to the 'FORCE_COLOR' env being set.
(Use `node --trace-warnings ...` to show where the warning was created)
  ✓   1 [chromium] › player-experience-status.spec.ts:7:1 › blocked autoplay reveals Play without a second action (1.7s)
  ✓   2 [chromium] › player-experience-status.spec.ts:22:1 › traces a rejected Safari play request (951ms)
  ✓   3 [chromium] › player-experience-status.spec.ts:33:1 › reports honest loading and buffering progress (1.4s)
  ✓   4 [chromium] › player-experience-status.spec.ts:75:1 › records one private trace across playback events (729ms)
  ✓   5 [chromium] › player-experience-status.spec.ts:95:1 › retries requested autoplay when a browser only reaches canplay (726ms)
  ✓   6 [chromium] › player-experience-status.spec.ts:101:1 › resumed autoplay does not wait for a missing seeked event (736ms)
  ✓   7 [chromium] › player-experience-status.spec.ts:107:1 › canplay clears seeking when WebKit omits seeked (652ms)
  ✓   8 [chromium] › player-experience-status.spec.ts:116:31 › advancing playback clears seeking at 45s without completion events @smoke (1.3s)
  ✓   9 [chromium] › player-experience-status.spec.ts:116:31 › advancing playback clears seeking at 5s without completion events @smoke (1.5s)
  ✓  10 [chromium] › player-experience-status.spec.ts:166:1 › advancing video hides controls when WebKit omits playing (3.1s)
  ✓  11 [chromium] › player-experience-status.spec.ts:175:1 › does not obstruct playable video when the network stalls (710ms)
  ✓  12 [chromium] › player-experience-status.spec.ts:186:1 › clears a transient buffering signal when playback advances (906ms)
  ✓  13 [chromium] › player-experience-status.spec.ts:203:1 › a stream that never advances offers a retry and clears it on recovery (1.3s)
  ✓  14 [chromium] › player-experience-status.spec.ts:230:1 › does not call a fully buffered video buffering (1.6s)
  ✓  15 [chromium] › player-experience-status.spec.ts:239:1 › keeps status accurate across bandwidth and seek changes (1.6s)
(node:68572) Warning: The 'NO_COLOR' env is ignored due to the 'FORCE_COLOR' env being set.
(Use `node --trace-warnings ...` to show where the warning was created)
  ✓  16 [firefox] › player-experience-status.spec.ts:7:1 › blocked autoplay reveals Play without a second action (4.1s)
  ✓  17 [firefox] › player-experience-status.spec.ts:22:1 › traces a rejected Safari play request (960ms)
  ✓  18 [firefox] › player-experience-status.spec.ts:33:1 › reports honest loading and buffering progress (1.5s)
  ✓  19 [firefox] › player-experience-status.spec.ts:75:1 › records one private trace across playback events (674ms)
  ✓  20 [firefox] › player-experience-status.spec.ts:95:1 › retries requested autoplay when a browser only reaches canplay (608ms)
  ✓  21 [firefox] › player-experience-status.spec.ts:101:1 › resumed autoplay does not wait for a missing seeked event (717ms)
  ✓  22 [firefox] › player-experience-status.spec.ts:107:1 › canplay clears seeking when WebKit omits seeked (803ms)
  ✓  23 [firefox] › player-experience-status.spec.ts:116:31 › advancing playback clears seeking at 45s without completion events @smoke (1.4s)
  ✓  24 [firefox] › player-experience-status.spec.ts:116:31 › advancing playback clears seeking at 5s without completion events @smoke (1.4s)
  ✓  25 [firefox] › player-experience-status.spec.ts:166:1 › advancing video hides controls when WebKit omits playing (3.7s)
  ✓  26 [firefox] › player-experience-status.spec.ts:175:1 › does not obstruct playable video when the network stalls (1.3s)
  ✓  27 [firefox] › player-experience-status.spec.ts:186:1 › clears a transient buffering signal when playback advances (1.7s)
  ✓  28 [firefox] › player-experience-status.spec.ts:203:1 › a stream that never advances offers a retry and clears it on recovery (1.7s)
  ✓  29 [firefox] › player-experience-status.spec.ts:230:1 › does not call a fully buffered video buffering (1.7s)
  ✓  30 [firefox] › player-experience-status.spec.ts:239:1 › keeps status accurate across bandwidth and seek changes (2.4s)
(node:68848) Warning: The 'NO_COLOR' env is ignored due to the 'FORCE_COLOR' env being set.
(Use `node --trace-warnings ...` to show where the warning was created)
  ✓  31 [webkit] › player-experience-status.spec.ts:7:1 › blocked autoplay reveals Play without a second action (2.1s)
  ✓  32 [webkit] › player-experience-status.spec.ts:22:1 › traces a rejected Safari play request (1.3s)
  ✓  33 [webkit] › player-experience-status.spec.ts:33:1 › reports honest loading and buffering progress (2.3s)
  ✓  34 [webkit] › player-experience-status.spec.ts:75:1 › records one private trace across playback events (1.4s)
  ✓  35 [webkit] › player-experience-status.spec.ts:95:1 › retries requested autoplay when a browser only reaches canplay (1.4s)
  ✓  36 [webkit] › player-experience-status.spec.ts:101:1 › resumed autoplay does not wait for a missing seeked event (1.3s)
  ✓  37 [webkit] › player-experience-status.spec.ts:107:1 › canplay clears seeking when WebKit omits seeked (1.2s)
  ✓  38 [webkit] › player-experience-status.spec.ts:116:31 › advancing playback clears seeking at 45s without completion events @smoke (2.7s)
  ✓  39 [webkit] › player-experience-status.spec.ts:116:31 › advancing playback clears seeking at 5s without completion events @smoke (2.6s)
  ✓  40 [webkit] › player-experience-status.spec.ts:166:1 › advancing video hides controls when WebKit omits playing (3.5s)
  ✓  41 [webkit] › player-experience-status.spec.ts:175:1 › does not obstruct playable video when the network stalls (1.0s)
  ✓  42 [webkit] › player-experience-status.spec.ts:186:1 › clears a transient buffering signal when playback advances (944ms)
  ✓  43 [webkit] › player-experience-status.spec.ts:203:1 › a stream that never advances offers a retry and clears it on recovery (1.6s)
  ✓  44 [webkit] › player-experience-status.spec.ts:230:1 › does not call a fully buffered video buffering (1.5s)
  ✓  45 [webkit] › player-experience-status.spec.ts:239:1 › keeps status accurate across bandwidth and seek changes (1.6s)

  45 passed (1.4m)
