
Running 36 tests using 1 worker

(node:24712) Warning: The 'NO_COLOR' env is ignored due to the 'FORCE_COLOR' env being set.
(Use `node --trace-warnings ...` to show where the warning was created)
  ✓   1 [chromium] › subtitle-defaults-tests.ts:10:5 › subtitle review request states › review starts with sync and cleanup and keeps manual timing exclusive @smoke (12.1s)
  ✓   2 [chromium] › subtitle-dashboard-language-tests.ts:8:1 › language choices describe online support without implying saved credentials (1.6s)
  ✓   3 [chromium] › subtitle-dashboard-language-tests.ts:70:1 › Owner previews language cleanup and forced subtitle choice (8.3s)
  ✓   4 [chromium] › subtitle-dashboard-layout-tests.ts:6:1 › Subtitles navigation follows the Player shell at each breakpoint (2.7s)
  ✓   5 [chromium] › subtitle-dashboard-layout-tests.ts:36:1 › phone settings expose every section without a hidden horizontal rail (1.6s)
  ✓   6 [chromium] › subtitle-dashboard-layout-tests.ts:56:1 › Settings header keeps destinations inside the Player-style shell (1.6s)
  ✓   7 [chromium] › subtitle-dashboard-layout-tests.ts:135:1 › Dashboard stays readable and accessible at every supported width (9.1s)
  ✓   8 [chromium] › subtitle-dashboard-layout-tests.ts:181:1 › Dashboard preserves keyboard and high-contrast operation (1.4s)
  ✓   9 [chromium] › subtitle-dashboard-layout-tests.ts:197:1 › Compact navigation does not cover the current subtitle task (17.1s)
  ✓  10 [chromium] › subtitle-dashboard-layout-tests.ts:218:1 › Dashboard preserves its task at 200 percent reflow (2.3s)
  ✓  11 [chromium] › subtitle-dashboard-layout-tests.ts:225:1 › Readiness, quota, and history remain usable on compact screens (4.4s)
  ✓  12 [chromium] › subtitle-dashboard.spec.ts:20:1 › phone search hint fits beside its submit action (1.6s)
(node:26930) Warning: The 'NO_COLOR' env is ignored due to the 'FORCE_COLOR' env being set.
(Use `node --trace-warnings ...` to show where the warning was created)
  ✓  13 [firefox] › subtitle-defaults-tests.ts:10:5 › subtitle review request states › review starts with sync and cleanup and keeps manual timing exclusive @smoke (16.8s)
  ✓  14 [firefox] › subtitle-dashboard-language-tests.ts:8:1 › language choices describe online support without implying saved credentials (1.1s)
  ✓  15 [firefox] › subtitle-dashboard-language-tests.ts:70:1 › Owner previews language cleanup and forced subtitle choice (7.0s)
  ✓  16 [firefox] › subtitle-dashboard-layout-tests.ts:6:1 › Subtitles navigation follows the Player shell at each breakpoint (1.8s)
  ✓  17 [firefox] › subtitle-dashboard-layout-tests.ts:36:1 › phone settings expose every section without a hidden horizontal rail (992ms)
  ✓  18 [firefox] › subtitle-dashboard-layout-tests.ts:56:1 › Settings header keeps destinations inside the Player-style shell (1.4s)
  ✓  19 [firefox] › subtitle-dashboard-layout-tests.ts:135:1 › Dashboard stays readable and accessible at every supported width (8.9s)
  ✓  20 [firefox] › subtitle-dashboard-layout-tests.ts:181:1 › Dashboard preserves keyboard and high-contrast operation (1.5s)
  ✓  21 [firefox] › subtitle-dashboard-layout-tests.ts:197:1 › Compact navigation does not cover the current subtitle task (15.2s)
  ✓  22 [firefox] › subtitle-dashboard-layout-tests.ts:218:1 › Dashboard preserves its task at 200 percent reflow (3.0s)
  ✓  23 [firefox] › subtitle-dashboard-layout-tests.ts:225:1 › Readiness, quota, and history remain usable on compact screens (5.4s)
  ✓  24 [firefox] › subtitle-dashboard.spec.ts:20:1 › phone search hint fits beside its submit action (1.7s)
(node:27959) Warning: The 'NO_COLOR' env is ignored due to the 'FORCE_COLOR' env being set.
(Use `node --trace-warnings ...` to show where the warning was created)
  ✓  25 [webkit] › subtitle-defaults-tests.ts:10:5 › subtitle review request states › review starts with sync and cleanup and keeps manual timing exclusive @smoke (17.8s)
  ✓  26 [webkit] › subtitle-dashboard-language-tests.ts:8:1 › language choices describe online support without implying saved credentials (3.5s)
  ✓  27 [webkit] › subtitle-dashboard-language-tests.ts:70:1 › Owner previews language cleanup and forced subtitle choice (14.1s)
  ✓  28 [webkit] › subtitle-dashboard-layout-tests.ts:6:1 › Subtitles navigation follows the Player shell at each breakpoint (3.5s)
  ✓  29 [webkit] › subtitle-dashboard-layout-tests.ts:36:1 › phone settings expose every section without a hidden horizontal rail (2.1s)
  ✓  30 [webkit] › subtitle-dashboard-layout-tests.ts:56:1 › Settings header keeps destinations inside the Player-style shell (3.3s)
  ✓  31 [webkit] › subtitle-dashboard-layout-tests.ts:135:1 › Dashboard stays readable and accessible at every supported width (16.8s)
  ✓  32 [webkit] › subtitle-dashboard-layout-tests.ts:181:1 › Dashboard preserves keyboard and high-contrast operation (2.2s)
  ✓  33 [webkit] › subtitle-dashboard-layout-tests.ts:197:1 › Compact navigation does not cover the current subtitle task (30.5s)
  ✓  34 [webkit] › subtitle-dashboard-layout-tests.ts:218:1 › Dashboard preserves its task at 200 percent reflow (4.8s)
  ✓  35 [webkit] › subtitle-dashboard-layout-tests.ts:225:1 › Readiness, quota, and history remain usable on compact screens (8.5s)
  ✓  36 [webkit] › subtitle-dashboard.spec.ts:20:1 › phone search hint fits beside its submit action (3.7s)

  36 passed (4.3m)
