> Task :app:preBuild UP-TO-DATE
> Task :app:preDebugBuild UP-TO-DATE
> Task :app:generateDebugResources UP-TO-DATE
> Task :app:packageDebugResources UP-TO-DATE
> Task :watchcore:preBuild UP-TO-DATE
> Task :watchcore:preDebugBuild UP-TO-DATE
> Task :watchcore:processDebugNavigationResources UP-TO-DATE
> Task :app:processDebugNavigationResources UP-TO-DATE
> Task :app:parseDebugLocalResources UP-TO-DATE
> Task :app:generateDebugRFile UP-TO-DATE
> Task :watchcore:generateDebugResources UP-TO-DATE
> Task :watchcore:packageDebugResources UP-TO-DATE
> Task :watchcore:parseDebugLocalResources UP-TO-DATE
> Task :watchcore:generateDebugRFile UP-TO-DATE
> Task :watchcore:compileDebugKotlin UP-TO-DATE
> Task :watchcore:javaPreCompileDebug UP-TO-DATE
> Task :watchcore:compileDebugJavaWithJavac NO-SOURCE
> Task :watchcore:bundleLibCompileToJarDebug UP-TO-DATE
> Task :app:compileDebugKotlin UP-TO-DATE
> Task :app:javaPreCompileDebug UP-TO-DATE
> Task :app:compileDebugJavaWithJavac NO-SOURCE
> Task :watchcore:writeDebugAarMetadata UP-TO-DATE
> Task :app:checkDebugAarMetadata UP-TO-DATE
> Task :app:mapDebugSourceSetPaths UP-TO-DATE
> Task :app:compileDebugNavigationResources UP-TO-DATE
> Task :app:mergeDebugResources UP-TO-DATE
> Task :app:createDebugCompatibleScreenManifests UP-TO-DATE
> Task :app:extractDeepLinksDebug UP-TO-DATE
> Task :watchcore:extractDeepLinksDebug UP-TO-DATE
> Task :watchcore:processDebugManifest UP-TO-DATE
> Task :app:processDebugMainManifest UP-TO-DATE
> Task :app:processDebugManifest UP-TO-DATE
> Task :app:processDebugManifestForPackage UP-TO-DATE
> Task :watchcore:mapDebugSourceSetPaths UP-TO-DATE
> Task :watchcore:compileDebugLibraryResources UP-TO-DATE
> Task :app:processDebugResources UP-TO-DATE
> Task :app:bundleDebugClassesToRuntimeJar UP-TO-DATE
> Task :app:bundleDebugClassesToCompileJar UP-TO-DATE
> Task :app:preDebugUnitTestBuild UP-TO-DATE
> Task :app:compileDebugUnitTestKotlin UP-TO-DATE
> Task :app:javaPreCompileDebugUnitTest UP-TO-DATE
> Task :app:compileDebugUnitTestJavaWithJavac NO-SOURCE
> Task :app:generateDebugAssets UP-TO-DATE
> Task :watchcore:generateDebugAssets UP-TO-DATE
> Task :watchcore:mergeDebugAssets UP-TO-DATE
> Task :app:mergeDebugAssets UP-TO-DATE
> Task :app:packageDebugUnitTestForUnitTest UP-TO-DATE
> Task :app:mergeDebugUnitTestManifest UP-TO-DATE
> Task :app:processDebugUnitTestManifest UP-TO-DATE
> Task :app:generateDebugUnitTestConfig UP-TO-DATE
> Task :app:processDebugJavaRes UP-TO-DATE
> Task :app:processDebugUnitTestJavaRes UP-TO-DATE
> Task :watchcore:bundleLibRuntimeToJarDebug UP-TO-DATE
> Task :watchcore:processDebugJavaRes UP-TO-DATE
> Task :app:testDebugUnitTest
> Task :watchcore:preDebugUnitTestBuild UP-TO-DATE
> Task :watchcore:generateDebugUnitTestStubRFile UP-TO-DATE
> Task :watchcore:compileDebugUnitTestKotlin UP-TO-DATE
> Task :watchcore:javaPreCompileDebugUnitTest UP-TO-DATE
> Task :watchcore:compileDebugUnitTestJavaWithJavac NO-SOURCE
> Task :watchcore:processDebugUnitTestJavaRes UP-TO-DATE
> Task :watchcore:testDebugUnitTest UP-TO-DATE
> Task :wear:preBuild UP-TO-DATE
> Task :wear:preDebugBuild UP-TO-DATE
> Task :wear:generateDebugResources UP-TO-DATE
> Task :wear:packageDebugResources UP-TO-DATE
> Task :wear:processDebugNavigationResources UP-TO-DATE
> Task :wear:parseDebugLocalResources UP-TO-DATE
> Task :wear:generateDebugRFile UP-TO-DATE
> Task :wear:compileDebugKotlin UP-TO-DATE
> Task :wear:javaPreCompileDebug UP-TO-DATE
> Task :wear:compileDebugJavaWithJavac NO-SOURCE
> Task :wear:checkDebugAarMetadata UP-TO-DATE
> Task :wear:mapDebugSourceSetPaths UP-TO-DATE
> Task :wear:compileDebugNavigationResources UP-TO-DATE
> Task :wear:mergeDebugResources UP-TO-DATE
> Task :wear:createDebugCompatibleScreenManifests UP-TO-DATE
> Task :wear:extractDeepLinksDebug UP-TO-DATE
> Task :wear:processDebugMainManifest UP-TO-DATE
> Task :wear:processDebugManifest UP-TO-DATE
> Task :wear:processDebugManifestForPackage UP-TO-DATE
> Task :wear:processDebugResources UP-TO-DATE
> Task :wear:bundleDebugClassesToRuntimeJar UP-TO-DATE
> Task :wear:bundleDebugClassesToCompileJar UP-TO-DATE
> Task :wear:preDebugUnitTestBuild UP-TO-DATE
> Task :wear:compileDebugUnitTestKotlin UP-TO-DATE
> Task :wear:javaPreCompileDebugUnitTest UP-TO-DATE
> Task :wear:compileDebugUnitTestJavaWithJavac NO-SOURCE
> Task :wear:generateDebugAssets UP-TO-DATE
> Task :wear:mergeDebugAssets UP-TO-DATE
> Task :wear:packageDebugUnitTestForUnitTest UP-TO-DATE
> Task :wear:mergeDebugUnitTestManifest UP-TO-DATE
> Task :wear:processDebugUnitTestManifest UP-TO-DATE
> Task :wear:generateDebugUnitTestConfig UP-TO-DATE
> Task :wear:processDebugJavaRes UP-TO-DATE
> Task :wear:processDebugUnitTestJavaRes UP-TO-DATE
> Task :wear:testDebugUnitTest UP-TO-DATE
> Task :app:mergeDebugNativeDebugMetadata NO-SOURCE
> Task :app:compressDebugAssets UP-TO-DATE
> Task :app:generateDebugGlobalSynthetics UP-TO-DATE
> Task :app:l8DexDesugarLibDebug UP-TO-DATE
> Task :app:mergeDebugJavaResource UP-TO-DATE
> Task :app:checkDebugDuplicateClasses UP-TO-DATE
> Task :app:desugarDebugFileDependencies UP-TO-DATE
> Task :app:mergeExtDexDebug UP-TO-DATE
> Task :app:mergeLibDexDebug UP-TO-DATE
> Task :app:dexBuilderDebug
> Task :app:mergeDebugJniLibFolders UP-TO-DATE
> Task :watchcore:mergeDebugJniLibFolders UP-TO-DATE
> Task :watchcore:mergeDebugNativeLibs NO-SOURCE
> Task :watchcore:copyDebugJniLibsProjectOnly UP-TO-DATE
> Task :app:mergeDebugNativeLibs UP-TO-DATE
> Task :app:stripDebugDebugSymbols UP-TO-DATE
> Task :app:validateSigningDebug UP-TO-DATE
> Task :app:writeDebugAppMetadata UP-TO-DATE
> Task :app:writeDebugSigningConfigVersions UP-TO-DATE
> Task :wear:mergeDebugNativeDebugMetadata NO-SOURCE
> Task :wear:compressDebugAssets UP-TO-DATE
> Task :wear:generateDebugGlobalSynthetics UP-TO-DATE
> Task :wear:mergeDebugJavaResource UP-TO-DATE
> Task :wear:checkDebugDuplicateClasses UP-TO-DATE
> Task :wear:desugarDebugFileDependencies UP-TO-DATE
> Task :wear:mergeExtDexDebug UP-TO-DATE
> Task :watchcore:bundleLibRuntimeToDirDebug UP-TO-DATE
> Task :wear:mergeLibDexDebug UP-TO-DATE
> Task :wear:dexBuilderDebug UP-TO-DATE
> Task :wear:mergeProjectDexDebug UP-TO-DATE
> Task :wear:mergeDebugJniLibFolders UP-TO-DATE
> Task :wear:mergeDebugNativeLibs UP-TO-DATE
> Task :wear:stripDebugDebugSymbols UP-TO-DATE
> Task :wear:validateSigningDebug UP-TO-DATE
> Task :wear:writeDebugAppMetadata UP-TO-DATE
> Task :wear:writeDebugSigningConfigVersions UP-TO-DATE
> Task :wear:packageDebug UP-TO-DATE
> Task :wear:createDebugApkListingFileRedirect UP-TO-DATE
> Task :wear:assembleDebug UP-TO-DATE
> Task :app:preDebugAndroidTestBuild SKIPPED
> Task :app:generateDebugAndroidTestResources UP-TO-DATE
> Task :app:packageDebugAndroidTestResources UP-TO-DATE
> Task :app:processDebugAndroidTestNavigationResources UP-TO-DATE
> Task :app:parseDebugAndroidTestLocalResources UP-TO-DATE
> Task :app:generateDebugAndroidTestRFile UP-TO-DATE
> Task :app:compileDebugAndroidTestKotlin UP-TO-DATE
> Task :app:javaPreCompileDebugAndroidTest UP-TO-DATE
> Task :app:compileDebugAndroidTestJavaWithJavac NO-SOURCE
> Task :app:generateDebugAndroidTestAssets UP-TO-DATE
> Task :app:mergeProjectDexDebug
> Task :app:mergeDebugAndroidTestAssets UP-TO-DATE
> Task :app:compressDebugAndroidTestAssets UP-TO-DATE
> Task :app:generateDebugAndroidTestGlobalSynthetics UP-TO-DATE
> Task :app:processDebugAndroidTestJavaRes UP-TO-DATE
> Task :app:mergeDebugAndroidTestJavaResource UP-TO-DATE
> Task :app:checkDebugAndroidTestDuplicateClasses UP-TO-DATE
> Task :app:desugarDebugAndroidTestFileDependencies UP-TO-DATE
> Task :app:mergeExtDexDebugAndroidTest UP-TO-DATE
> Task :app:mergeLibDexDebugAndroidTest UP-TO-DATE
> Task :app:checkDebugAndroidTestAarMetadata UP-TO-DATE
> Task :app:mapDebugAndroidTestSourceSetPaths UP-TO-DATE
> Task :app:compileDebugAndroidTestNavigationResources UP-TO-DATE
> Task :app:packageDebug
> Task :app:createDebugApkListingFileRedirect UP-TO-DATE
> Task :app:assembleDebug
> Task :app:mergeDebugAndroidTestResources UP-TO-DATE
> Task :app:mergeDebugAndroidTestManifest UP-TO-DATE
> Task :app:processDebugAndroidTestManifest UP-TO-DATE
> Task :app:processDebugAndroidTestResources UP-TO-DATE
> Task :app:dexBuilderDebugAndroidTest
> Task :app:mergeProjectDexDebugAndroidTest UP-TO-DATE
> Task :app:mergeDebugAndroidTestJniLibFolders UP-TO-DATE
> Task :app:mergeDebugAndroidTestNativeLibs NO-SOURCE
> Task :app:stripDebugAndroidTestDebugSymbols NO-SOURCE
> Task :app:validateSigningDebugAndroidTest UP-TO-DATE
> Task :app:writeDebugAndroidTestSigningConfigVersions UP-TO-DATE
> Task :app:packageDebugAndroidTest UP-TO-DATE
> Task :app:createDebugAndroidTestApkListingFileRedirect UP-TO-DATE
> Task :app:assembleDebugAndroidTest UP-TO-DATE

BUILD SUCCESSFUL in 49s
147 actionable tasks: 5 executed, 142 up-to-date
Consider enabling configuration cache to speed up this build: https://docs.gradle.org/9.7.1/userguide/configuration_cache_enabling.html
