Listing tests:
  [chromium] › player-audio-policy.spec.ts:49:3 › audio keeps its source and queue with saved policy compatible
  [chromium] › player-audio-policy.spec.ts:49:3 › audio keeps its source and queue with saved policy direct-first
  [chromium] › player-audio-policy.spec.ts:49:3 › audio keeps its source and queue with saved policy direct-only
  [chromium] › player-audio-policy.spec.ts:49:3 › audio keeps its source and queue with saved policy unset
  [chromium] › player-audio-policy.spec.ts:49:3 › audio keeps its source and queue with saved policy unknown
  [chromium] › player-audio-policy.spec.ts:68:1 › Home Assistant state uses the session CSRF token and consumes a command
  [chromium] › player-audio-policy.spec.ts:88:3 › queue rejects external stream before progress or Now Playing side effects
  [chromium] › player-audio-policy.spec.ts:88:3 › queue rejects missing authorization before progress or Now Playing side effects
  [chromium] › player-audio-policy.spec.ts:88:3 › queue rejects wrong profile before progress or Now Playing side effects
  [chromium] › player-audio-policy.spec.ts:88:3 › queue rejects wrong item before progress or Now Playing side effects
  [chromium] › player-audio-policy.spec.ts:108:1 › manual queue advance retains failed position and waits for Retry before another choice
  [chromium] › player-audio-policy.spec.ts:128:1 › queue source load ignores its delayed pause until new metadata belongs to that source
  [chromium] › player-audio-policy.spec.ts:146:1 › failed queue source cannot replace its saved position with reset zero before metadata
  [chromium] › player-audio-policy.spec.ts:175:1 › late item authorization cannot cross a profile change
  [chromium] › player-audio-policy.spec.ts:192:1 › overlapping queue actions authorize and advance only once
  [chromium] › player-audio-policy.spec.ts:210:36 › offline queue transition respects its own progress journal: saved
  [chromium] › player-audio-policy.spec.ts:210:36 › offline queue transition respects its own progress journal: failed
  [chromium] › player-audio-policy.spec.ts:230:1 › failed new artwork clears the previous cover without reverting current metadata
  [chromium] › player-audio-policy.spec.ts:242:3 › queue preserves truthful local ownership with missing artwork
  [chromium] › player-audio-policy.spec.ts:242:3 › queue preserves truthful local ownership with unsupported system metadata
  [chromium] › player-audio-policy.spec.ts:242:3 › queue preserves truthful local ownership with cast owner
  [chromium] › player-audio-policy.spec.ts:242:3 › queue preserves truthful local ownership with room owner
  [chromium] › player-progress-queue-drain.spec.ts:9:1 › new track pause is dispatched after watched continuation release
  [chromium] › player-progress-queue-drain.spec.ts:59:1 › pagehide dispatches latest position once while retired watched continuation settles
  [chromium] › player-progress.spec.ts:67:55 › failed pause save is visible and retries the same revision: HTTP 503
  [chromium] › player-progress.spec.ts:67:55 › failed pause save is visible and retries the same revision: network rejection
  [chromium] › player-progress.spec.ts:80:1 › latest pending revision wins over late failures and successes
  [chromium] › player-progress.spec.ts:96:1 › ended failure holds next navigation and offers an explicit continue
  [chromium] › player-progress.spec.ts:105:1 › ended Retry saves watched state before next navigation
  [chromium] › player-progress.spec.ts:117:42 › HTTP 401 does not repeat policy or authentication failures
  [chromium] › player-progress.spec.ts:117:42 › HTTP 403 does not repeat policy or authentication failures
  [chromium] › player-progress.spec.ts:117:42 › HTTP 400 does not repeat policy or authentication failures
  [chromium] › player-progress.spec.ts:117:42 › HTTP 404 does not repeat policy or authentication failures
  [chromium] › player-progress.spec.ts:128:61 › pending local save cannot cross profile ownership
  [chromium] › player-progress.spec.ts:128:61 › pending local save cannot cross item ownership
  [chromium] › player-progress.spec.ts:128:61 › pending local save cannot cross cast ownership
  [chromium] › player-progress.spec.ts:128:61 › pending local save cannot cross offline ownership
  [chromium] › player-progress.spec.ts:144:1 › preparation and cast never emit local progress; offline uses its own journal
  [chromium] › player-progress.spec.ts:160:1 › audio track change stays on the page when progress fails
  [chromium] › player-progress.spec.ts:169:1 › timeout gives a bounded Retry state without blocking viewing
  [chromium] › player-progress.spec.ts:178:1 › periodic, hidden-page and page-close saves inspect failures and preserve latest progress
  [chromium] › player-progress.spec.ts:195:1 › HTTP failure diagnostics carry bounded session/revision/request correlation without secrets
  [chromium] › player-progress.spec.ts:208:1 › bounded positions reject invalid media time without making a request
  [chromium] › player-progress.spec.ts:214:1 › page-close dispatch sends the latest position while an older request is in flight
  [chromium] › player-progress.spec.ts:227:1 › watched failure on the last title survives later pause and hiding events
  [chromium] › player-progress.spec.ts:239:1 › ended policy failure still offers Continue without saving
  [chromium] › player-progress.spec.ts:250:1 › localized recovery notices use Go-rendered copy
  [chromium] › player-progress.spec.ts:257:1 › audio track change cannot mistake an unexpected successful HTTP page for a progress acknowledgement
  [chromium] › player-progress.spec.ts:265:1 › audio queue does not drop a failed watched save when it advances
  [chromium] › player-progress.spec.ts:278:1 › audio queue saves a new-track pause while final watched continuation still settles
  [chromium] › test-instance-audio-queue.spec.ts:44:1 › real album queue advances source and all Now Playing identity to the fictional second track
  [chromium] › test-instance-audio-queue.spec.ts:124:1 › mobile R03 progress notice stays hidden after real acknowledgement and reopens only on failure
  [chromium] › test-instance-audio-queue.spec.ts:157:1 › real album queue keeps system previous and next current and exposes only fresh current-track actions
Total: 53 tests in 4 files
