
Running 54 tests using 1 worker

(node:10909) Warning: The 'NO_COLOR' env is ignored due to the 'FORCE_COLOR' env being set.
(Use `node --trace-warnings ...` to show where the warning was created)
  ✓   1 [chromium] › layout-audit-configuration.spec.ts:7:1 › SCIM configuration stays usable at every supported width (26.8s)
  ✓   2 [chromium] › layout-audit-configuration.spec.ts:40:1 › single sign-on configuration stays usable at every supported width (22.9s)
  ✓   3 [chromium] › layout-audit-configuration.spec.ts:78:1 › SAML configuration stays usable at every supported width (21.7s)
  ✓   4 [chromium] › layout-audit-configuration.spec.ts:97:1 › software update choices stay clear at supported widths (14.3s)
  ✓   5 [chromium] › layout-audit-configuration.spec.ts:127:1 › Media Shares keeps its heading and controls in a readable composition (5.1s)
  ✓   6 [chromium] › layout-audit-configuration.spec.ts:156:2 › Owner settings separates everyday preferences from advanced tools at 1440px (35.2s)
  ✓   7 [chromium] › layout-audit-configuration.spec.ts:156:2 › Owner settings separates everyday preferences from advanced tools at 1024px (40.2s)
  ✓   8 [chromium] › layout-audit-configuration.spec.ts:156:2 › Owner settings separates everyday preferences from advanced tools at 900px (47.2s)
  ✓   9 [chromium] › layout-audit-configuration.spec.ts:156:2 › Owner settings separates everyday preferences from advanced tools at 768px (26.6s)
  ✓  10 [chromium] › layout-audit-configuration.spec.ts:156:2 › Owner settings separates everyday preferences from advanced tools at 390px (24.9s)
  ✓  11 [chromium] › layout-audit-configuration.spec.ts:156:2 › Owner settings separates everyday preferences from advanced tools at 320px (39.3s)
  ✓  12 [chromium] › layout-audit-library.spec.ts:7:1 › browse shows artwork before scrolling on desktop and phone (7.1s)
  ✓  13 [chromium] › layout-audit-library.spec.ts:28:1 › ordinary browse keeps results in the first useful viewport (2.3s)
  ✓  14 [chromium] › layout-audit-library.spec.ts:53:1 › mobile browse spacing holds across every media page (5.3s)
  ✓  15 [chromium] › layout-audit-library.spec.ts:85:1 › compact landscape shell keeps search and primary actions reachable (8.4s)
  ✓  16 [chromium] › layout-audit-shell.spec.ts:7:1 › signed-in application pages retain the navigation shell (20.4s)
  ✓  17 [chromium] › layout-audit-shell.spec.ts:76:1 › Owner settings search finds a setting across task families (11.6s)
  ✓  18 [chromium] › layout-audit-shell.spec.ts:120:1 › transcoder support stays concise and accessible (15.5s)
(node:15846) Warning: The 'NO_COLOR' env is ignored due to the 'FORCE_COLOR' env being set.
(Use `node --trace-warnings ...` to show where the warning was created)
  ✓  19 [firefox] › layout-audit-configuration.spec.ts:7:1 › SCIM configuration stays usable at every supported width (56.1s)
  ✓  20 [firefox] › layout-audit-configuration.spec.ts:40:1 › single sign-on configuration stays usable at every supported width (20.4s)
  ✓  21 [firefox] › layout-audit-configuration.spec.ts:78:1 › SAML configuration stays usable at every supported width (15.3s)
  ✓  22 [firefox] › layout-audit-configuration.spec.ts:97:1 › software update choices stay clear at supported widths (10.2s)
  ✓  23 [firefox] › layout-audit-configuration.spec.ts:127:1 › Media Shares keeps its heading and controls in a readable composition (3.0s)
  ✓  24 [firefox] › layout-audit-configuration.spec.ts:156:2 › Owner settings separates everyday preferences from advanced tools at 1440px (15.6s)
  ✓  25 [firefox] › layout-audit-configuration.spec.ts:156:2 › Owner settings separates everyday preferences from advanced tools at 1024px (15.0s)
  ✓  26 [firefox] › layout-audit-configuration.spec.ts:156:2 › Owner settings separates everyday preferences from advanced tools at 900px (15.2s)
  ✓  27 [firefox] › layout-audit-configuration.spec.ts:156:2 › Owner settings separates everyday preferences from advanced tools at 768px (15.9s)
  ✓  28 [firefox] › layout-audit-configuration.spec.ts:156:2 › Owner settings separates everyday preferences from advanced tools at 390px (19.4s)
  ✓  29 [firefox] › layout-audit-configuration.spec.ts:156:2 › Owner settings separates everyday preferences from advanced tools at 320px (19.1s)
  ✓  30 [firefox] › layout-audit-library.spec.ts:7:1 › browse shows artwork before scrolling on desktop and phone (3.6s)
  ✓  31 [firefox] › layout-audit-library.spec.ts:28:1 › ordinary browse keeps results in the first useful viewport (1.9s)
  ✓  32 [firefox] › layout-audit-library.spec.ts:53:1 › mobile browse spacing holds across every media page (4.6s)
  ✓  33 [firefox] › layout-audit-library.spec.ts:85:1 › compact landscape shell keeps search and primary actions reachable (7.3s)
  ✓  34 [firefox] › layout-audit-shell.spec.ts:7:1 › signed-in application pages retain the navigation shell (18.8s)
  ✓  35 [firefox] › layout-audit-shell.spec.ts:76:1 › Owner settings search finds a setting across task families (8.2s)
  ✓  36 [firefox] › layout-audit-shell.spec.ts:120:1 › transcoder support stays concise and accessible (15.3s)
(node:20616) Warning: The 'NO_COLOR' env is ignored due to the 'FORCE_COLOR' env being set.
(Use `node --trace-warnings ...` to show where the warning was created)
  ✓  37 [webkit] › layout-audit-configuration.spec.ts:7:1 › SCIM configuration stays usable at every supported width (16.2s)
  ✓  38 [webkit] › layout-audit-configuration.spec.ts:40:1 › single sign-on configuration stays usable at every supported width (14.4s)
  ✓  39 [webkit] › layout-audit-configuration.spec.ts:78:1 › SAML configuration stays usable at every supported width (13.3s)
  ✓  40 [webkit] › layout-audit-configuration.spec.ts:97:1 › software update choices stay clear at supported widths (10.2s)
  ✓  41 [webkit] › layout-audit-configuration.spec.ts:127:1 › Media Shares keeps its heading and controls in a readable composition (2.9s)
  ✓  42 [webkit] › layout-audit-configuration.spec.ts:156:2 › Owner settings separates everyday preferences from advanced tools at 1440px (15.0s)
  ✓  43 [webkit] › layout-audit-configuration.spec.ts:156:2 › Owner settings separates everyday preferences from advanced tools at 1024px (14.3s)
  ✓  44 [webkit] › layout-audit-configuration.spec.ts:156:2 › Owner settings separates everyday preferences from advanced tools at 900px (13.5s)
  ✓  45 [webkit] › layout-audit-configuration.spec.ts:156:2 › Owner settings separates everyday preferences from advanced tools at 768px (14.1s)
  ✓  46 [webkit] › layout-audit-configuration.spec.ts:156:2 › Owner settings separates everyday preferences from advanced tools at 390px (16.0s)
  ✓  47 [webkit] › layout-audit-configuration.spec.ts:156:2 › Owner settings separates everyday preferences from advanced tools at 320px (13.1s)
  ✓  48 [webkit] › layout-audit-library.spec.ts:7:1 › browse shows artwork before scrolling on desktop and phone (3.8s)
  ✓  49 [webkit] › layout-audit-library.spec.ts:28:1 › ordinary browse keeps results in the first useful viewport (1.7s)
  ✓  50 [webkit] › layout-audit-library.spec.ts:53:1 › mobile browse spacing holds across every media page (2.8s)
  ✓  51 [webkit] › layout-audit-library.spec.ts:85:1 › compact landscape shell keeps search and primary actions reachable (4.8s)
  ✓  52 [webkit] › layout-audit-shell.spec.ts:7:1 › signed-in application pages retain the navigation shell (12.4s)
  ✓  53 [webkit] › layout-audit-shell.spec.ts:76:1 › Owner settings search finds a setting across task families (7.8s)
  ✓  54 [webkit] › layout-audit-shell.spec.ts:120:1 › transcoder support stays concise and accessible (13.3s)

  Slow test file: [chromium] › layout-audit-configuration.spec.ts (5.1m)
  Consider running tests from slow files in parallel. See: https://playwright.dev/docs/test-parallel
  54 passed (14.2m)
