apps/player/e2e/htmx-journeys.ts:100: forbidden TypeScript type any
apps/player/e2e/htmx-journeys.ts:133: forbidden TypeScript type any
apps/player/e2e/htmx-journeys.ts:137: forbidden TypeScript type any
apps/player/e2e/library-pagination-resilience.spec.ts:129: forbidden TypeScript type unknown
apps/player/e2e/player-native-controls.spec.ts:58: forbidden TypeScript type unknown
apps/player/e2e/service-worker-storage-contract.spec.ts:8: forbidden TypeScript type unknown
apps/player/e2e/service-worker-storage-contract.spec.ts:23: forbidden TypeScript type unknown
apps/player/e2e/service-worker-storage-contract.spec.ts:27: forbidden TypeScript type unknown
apps/player/e2e/service-worker-storage-contract.spec.ts:107: forbidden TypeScript type unknown
apps/player/e2e/service-worker-storage-contract.spec.ts:109: forbidden TypeScript type unknown
apps/player/e2e/service-worker-storage-contract.spec.ts:139: forbidden TypeScript type unknown
apps/player/e2e/startup-playback-exit.ts:9: forbidden TypeScript type unknown
apps/player/e2e/startup-playback-exit.ts:9: forbidden TypeScript type unknown
apps/player/e2e/supporter-lifecycle.spec.ts:8: forbidden TypeScript type unknown
apps/player/e2e/test-instance-startup.spec.ts:68: forbidden TypeScript type unknown
apps/player/e2e/test-instance-startup.spec.ts:74: forbidden TypeScript type unknown
apps/player/e2e/test-instance-startup.spec.ts:96: forbidden TypeScript type unknown
apps/player/e2e/test-instance-startup.spec.ts:109: forbidden TypeScript type unknown
apps/subtitles/e2e/subtitle-inspector-race-fixture.ts:10: forbidden TypeScript type any
apps/subtitles/e2e/subtitle-inspector-race-fixture.ts:12: forbidden TypeScript type any
apps/subtitles/e2e/subtitle-inspector-race-fixture.ts:13: forbidden TypeScript type any
apps/subtitles/e2e/subtitle-inspector-race-fixture.ts:14: forbidden TypeScript type any
apps/subtitles/e2e/subtitle-inspector-race-fixture.ts:17: forbidden TypeScript type any
apps/subtitles/e2e/subtitle-inspector-race-fixture.ts:17: forbidden TypeScript type any
apps/subtitles/e2e/subtitle-inspector-race-fixture.ts:17: forbidden TypeScript type any
apps/subtitles/e2e/subtitle-inspector-race-fixture.ts:19: forbidden TypeScript type any
apps/subtitles/e2e/subtitle-inspector-race-fixture.ts:21: forbidden TypeScript type any
apps/subtitles/e2e/subtitle-inspector-race-fixture.ts:22: forbidden TypeScript type any
apps/subtitles/e2e/subtitle-inspector-race-fixture.ts:24: forbidden TypeScript type any
apps/subtitles/e2e/subtitle-inspector-race-fixture.ts:24: forbidden TypeScript type any
apps/subtitles/e2e/subtitle-inspector-race-fixture.ts:26: forbidden TypeScript type any
apps/subtitles/e2e/subtitle-inspector-race-fixture.ts:26: forbidden TypeScript type any
apps/subtitles/e2e/subtitle-inspector-race-fixture.ts:26: forbidden TypeScript type any
apps/subtitles/e2e/subtitle-inspector-race-fixture.ts:39: forbidden TypeScript type any
apps/subtitles/e2e/subtitle-inspector-race-fixture.ts:44: forbidden TypeScript type any
apps/subtitles/e2e/subtitle-inspector-race-fixture.ts:44: forbidden TypeScript type any
