INSTRUMENTATION_STATUS: numtests=1
INSTRUMENTATION_STATUS: stream=
com.kinosail.player.mobile.LivePlaybackOverlayTest:
INSTRUMENTATION_STATUS: id=AndroidJUnitRunner
INSTRUMENTATION_STATUS: test=decodedLightVideoKeepsItsTitleAndActionsReadable
INSTRUMENTATION_STATUS: class=com.kinosail.player.mobile.LivePlaybackOverlayTest
INSTRUMENTATION_STATUS: current=1
INSTRUMENTATION_STATUS_CODE: 1
INSTRUMENTATION_STATUS: numtests=1
INSTRUMENTATION_STATUS: stream=
Error in decodedLightVideoKeepsItsTitleAndActionsReadable(com.kinosail.player.mobile.LivePlaybackOverlayTest):
java.lang.AssertionError: Native portrait contrast 01a0f2ab contrast over a decoded light frame was 1.0085466189251153
	at org.junit.Assert.fail(Assert.java:89)
	at org.junit.Assert.assertTrue(Assert.java:42)
	at com.kinosail.player.mobile.LivePlaybackOverlayTest.verifyLabels(LivePlaybackOverlayTest.kt:117)
	at com.kinosail.player.mobile.LivePlaybackOverlayTest.decodedLightVideoKeepsItsTitleAndActionsReadable(LivePlaybackOverlayTest.kt:89)

INSTRUMENTATION_STATUS: id=AndroidJUnitRunner
INSTRUMENTATION_STATUS: test=decodedLightVideoKeepsItsTitleAndActionsReadable
INSTRUMENTATION_STATUS: class=com.kinosail.player.mobile.LivePlaybackOverlayTest
INSTRUMENTATION_STATUS: stack=java.lang.AssertionError: Native portrait contrast 01a0f2ab contrast over a decoded light frame was 1.0085466189251153
	at org.junit.Assert.fail(Assert.java:89)
	at org.junit.Assert.assertTrue(Assert.java:42)
	at com.kinosail.player.mobile.LivePlaybackOverlayTest.verifyLabels(LivePlaybackOverlayTest.kt:117)
	at com.kinosail.player.mobile.LivePlaybackOverlayTest.decodedLightVideoKeepsItsTitleAndActionsReadable(LivePlaybackOverlayTest.kt:89)

INSTRUMENTATION_STATUS: current=1
INSTRUMENTATION_STATUS_CODE: -2
INSTRUMENTATION_RESULT: stream=

Time: 2.64
There was 1 failure:
1) decodedLightVideoKeepsItsTitleAndActionsReadable(com.kinosail.player.mobile.LivePlaybackOverlayTest)
java.lang.AssertionError: Native portrait contrast 01a0f2ab contrast over a decoded light frame was 1.0085466189251153
	at org.junit.Assert.fail(Assert.java:89)
	at org.junit.Assert.assertTrue(Assert.java:42)
	at com.kinosail.player.mobile.LivePlaybackOverlayTest.verifyLabels(LivePlaybackOverlayTest.kt:117)
	at com.kinosail.player.mobile.LivePlaybackOverlayTest.decodedLightVideoKeepsItsTitleAndActionsReadable(LivePlaybackOverlayTest.kt:89)

FAILURES!!!
Tests run: 1,  Failures: 1


INSTRUMENTATION_CODE: -1
