INSTRUMENTATION_STATUS: numtests=2
INSTRUMENTATION_STATUS: stream=
com.kinosail.player.core.PlaybackContentAccessibilityTest:
INSTRUMENTATION_STATUS: id=AndroidJUnitRunner
INSTRUMENTATION_STATUS: test=playbackErrorPassesAccessibilityChecks
INSTRUMENTATION_STATUS: class=com.kinosail.player.core.PlaybackContentAccessibilityTest
INSTRUMENTATION_STATUS: current=1
INSTRUMENTATION_STATUS_CODE: 1
INSTRUMENTATION_STATUS: numtests=2
INSTRUMENTATION_STATUS: stream=.
INSTRUMENTATION_STATUS: id=AndroidJUnitRunner
INSTRUMENTATION_STATUS: test=playbackErrorPassesAccessibilityChecks
INSTRUMENTATION_STATUS: class=com.kinosail.player.core.PlaybackContentAccessibilityTest
INSTRUMENTATION_STATUS: current=1
INSTRUMENTATION_STATUS_CODE: 0
INSTRUMENTATION_STATUS: numtests=2
INSTRUMENTATION_STATUS: stream=
INSTRUMENTATION_STATUS: id=AndroidJUnitRunner
INSTRUMENTATION_STATUS: test=readerErrorsPassAccessibilityChecks
INSTRUMENTATION_STATUS: class=com.kinosail.player.core.PlaybackContentAccessibilityTest
INSTRUMENTATION_STATUS: current=2
INSTRUMENTATION_STATUS_CODE: 1
INSTRUMENTATION_STATUS: numtests=2
INSTRUMENTATION_STATUS: stream=.
INSTRUMENTATION_STATUS: id=AndroidJUnitRunner
INSTRUMENTATION_STATUS: test=readerErrorsPassAccessibilityChecks
INSTRUMENTATION_STATUS: class=com.kinosail.player.core.PlaybackContentAccessibilityTest
INSTRUMENTATION_STATUS: current=2
INSTRUMENTATION_STATUS_CODE: 0
INSTRUMENTATION_RESULT: stream=

Time: 0.726

OK (2 tests)


INSTRUMENTATION_CODE: -1
