INSTRUMENTATION_STATUS: numtests=2
INSTRUMENTATION_STATUS: stream=
com.kinosail.player.mobile.LivePlaybackOverlayTest:
INSTRUMENTATION_STATUS: id=AndroidJUnitRunner
INSTRUMENTATION_STATUS: test=pendingAndFailedMediaKeepDismissalAndRetryUsable
INSTRUMENTATION_STATUS: class=com.kinosail.player.mobile.LivePlaybackOverlayTest
INSTRUMENTATION_STATUS: current=1
INSTRUMENTATION_STATUS_CODE: 1
INSTRUMENTATION_STATUS: numtests=2
INSTRUMENTATION_STATUS: stream=
Error in pendingAndFailedMediaKeepDismissalAndRetryUsable(com.kinosail.player.mobile.LivePlaybackOverlayTest):
androidx.compose.ui.test.ComposeTimeoutException: Condition still not satisfied after 30000 ms
	at androidx.compose.ui.test.AndroidComposeUiTestEnvironment$AndroidComposeUiTestImpl.waitUntil(ComposeUiTest.android.kt:901)
	at androidx.compose.ui.test.junit4.AndroidComposeTestRule.waitUntil(AndroidComposeTestRule.android.kt:500)
	at com.kinosail.player.mobile.LivePlaybackOverlayTest.waitForText(LivePlaybackOverlayTest.kt:211)
	at com.kinosail.player.mobile.LivePlaybackOverlayTest.journey(LivePlaybackOverlayTest.kt:118)
	at com.kinosail.player.mobile.LivePlaybackOverlayTest.pendingAndFailedMediaKeepDismissalAndRetryUsable(LivePlaybackOverlayTest.kt:74)

INSTRUMENTATION_STATUS: id=AndroidJUnitRunner
INSTRUMENTATION_STATUS: test=pendingAndFailedMediaKeepDismissalAndRetryUsable
INSTRUMENTATION_STATUS: class=com.kinosail.player.mobile.LivePlaybackOverlayTest
INSTRUMENTATION_STATUS: stack=androidx.compose.ui.test.ComposeTimeoutException: Condition still not satisfied after 30000 ms
	at androidx.compose.ui.test.AndroidComposeUiTestEnvironment$AndroidComposeUiTestImpl.waitUntil(ComposeUiTest.android.kt:901)
	at androidx.compose.ui.test.junit4.AndroidComposeTestRule.waitUntil(AndroidComposeTestRule.android.kt:500)
	at com.kinosail.player.mobile.LivePlaybackOverlayTest.waitForText(LivePlaybackOverlayTest.kt:211)
	at com.kinosail.player.mobile.LivePlaybackOverlayTest.journey(LivePlaybackOverlayTest.kt:118)
	at com.kinosail.player.mobile.LivePlaybackOverlayTest.pendingAndFailedMediaKeepDismissalAndRetryUsable(LivePlaybackOverlayTest.kt:74)

INSTRUMENTATION_STATUS: current=1
INSTRUMENTATION_STATUS_CODE: -2
INSTRUMENTATION_STATUS: numtests=2
INSTRUMENTATION_STATUS: stream=
INSTRUMENTATION_STATUS: id=AndroidJUnitRunner
INSTRUMENTATION_STATUS: test=decodedLightVideoKeepsItsTitleAndActionsReadable
INSTRUMENTATION_STATUS: class=com.kinosail.player.mobile.LivePlaybackOverlayTest
INSTRUMENTATION_STATUS: current=2
INSTRUMENTATION_STATUS_CODE: 1
INSTRUMENTATION_STATUS: numtests=2
INSTRUMENTATION_STATUS: stream=
Error in decodedLightVideoKeepsItsTitleAndActionsReadable(com.kinosail.player.mobile.LivePlaybackOverlayTest):
androidx.compose.ui.test.ComposeTimeoutException: Condition still not satisfied after 30000 ms
	at androidx.compose.ui.test.AndroidComposeUiTestEnvironment$AndroidComposeUiTestImpl.waitUntil(ComposeUiTest.android.kt:901)
	at androidx.compose.ui.test.junit4.AndroidComposeTestRule.waitUntil(AndroidComposeTestRule.android.kt:500)
	at com.kinosail.player.mobile.LivePlaybackOverlayTest.waitForText(LivePlaybackOverlayTest.kt:211)
	at com.kinosail.player.mobile.LivePlaybackOverlayTest.journey(LivePlaybackOverlayTest.kt:118)
	at com.kinosail.player.mobile.LivePlaybackOverlayTest.journey$default(LivePlaybackOverlayTest.kt:90)
	at com.kinosail.player.mobile.LivePlaybackOverlayTest.decodedLightVideoKeepsItsTitleAndActionsReadable(LivePlaybackOverlayTest.kt:52)

INSTRUMENTATION_STATUS: id=AndroidJUnitRunner
INSTRUMENTATION_STATUS: test=decodedLightVideoKeepsItsTitleAndActionsReadable
INSTRUMENTATION_STATUS: class=com.kinosail.player.mobile.LivePlaybackOverlayTest
INSTRUMENTATION_STATUS: stack=androidx.compose.ui.test.ComposeTimeoutException: Condition still not satisfied after 30000 ms
	at androidx.compose.ui.test.AndroidComposeUiTestEnvironment$AndroidComposeUiTestImpl.waitUntil(ComposeUiTest.android.kt:901)
	at androidx.compose.ui.test.junit4.AndroidComposeTestRule.waitUntil(AndroidComposeTestRule.android.kt:500)
	at com.kinosail.player.mobile.LivePlaybackOverlayTest.waitForText(LivePlaybackOverlayTest.kt:211)
	at com.kinosail.player.mobile.LivePlaybackOverlayTest.journey(LivePlaybackOverlayTest.kt:118)
	at com.kinosail.player.mobile.LivePlaybackOverlayTest.journey$default(LivePlaybackOverlayTest.kt:90)
	at com.kinosail.player.mobile.LivePlaybackOverlayTest.decodedLightVideoKeepsItsTitleAndActionsReadable(LivePlaybackOverlayTest.kt:52)

INSTRUMENTATION_STATUS: current=2
INSTRUMENTATION_STATUS_CODE: -2
INSTRUMENTATION_RESULT: stream=

Time: 62.707
There were 2 failures:
1) pendingAndFailedMediaKeepDismissalAndRetryUsable(com.kinosail.player.mobile.LivePlaybackOverlayTest)
androidx.compose.ui.test.ComposeTimeoutException: Condition still not satisfied after 30000 ms
	at androidx.compose.ui.test.AndroidComposeUiTestEnvironment$AndroidComposeUiTestImpl.waitUntil(ComposeUiTest.android.kt:901)
	at androidx.compose.ui.test.junit4.AndroidComposeTestRule.waitUntil(AndroidComposeTestRule.android.kt:500)
	at com.kinosail.player.mobile.LivePlaybackOverlayTest.waitForText(LivePlaybackOverlayTest.kt:211)
	at com.kinosail.player.mobile.LivePlaybackOverlayTest.journey(LivePlaybackOverlayTest.kt:118)
	at com.kinosail.player.mobile.LivePlaybackOverlayTest.pendingAndFailedMediaKeepDismissalAndRetryUsable(LivePlaybackOverlayTest.kt:74)
2) decodedLightVideoKeepsItsTitleAndActionsReadable(com.kinosail.player.mobile.LivePlaybackOverlayTest)
androidx.compose.ui.test.ComposeTimeoutException: Condition still not satisfied after 30000 ms
	at androidx.compose.ui.test.AndroidComposeUiTestEnvironment$AndroidComposeUiTestImpl.waitUntil(ComposeUiTest.android.kt:901)
	at androidx.compose.ui.test.junit4.AndroidComposeTestRule.waitUntil(AndroidComposeTestRule.android.kt:500)
	at com.kinosail.player.mobile.LivePlaybackOverlayTest.waitForText(LivePlaybackOverlayTest.kt:211)
	at com.kinosail.player.mobile.LivePlaybackOverlayTest.journey(LivePlaybackOverlayTest.kt:118)
	at com.kinosail.player.mobile.LivePlaybackOverlayTest.journey$default(LivePlaybackOverlayTest.kt:90)
	at com.kinosail.player.mobile.LivePlaybackOverlayTest.decodedLightVideoKeepsItsTitleAndActionsReadable(LivePlaybackOverlayTest.kt:52)

FAILURES!!!
Tests run: 2,  Failures: 2


INSTRUMENTATION_CODE: -1
