INSTRUMENTATION_STATUS: numtests=2
INSTRUMENTATION_STATUS: stream=
com.kinosail.player.mobile.LivePlaybackOverlayTest:
INSTRUMENTATION_STATUS: id=AndroidJUnitRunner
INSTRUMENTATION_STATUS: test=pendingAndFailedMediaKeepDismissalAndRetryUsable
INSTRUMENTATION_STATUS: class=com.kinosail.player.mobile.LivePlaybackOverlayTest
INSTRUMENTATION_STATUS: current=1
INSTRUMENTATION_STATUS_CODE: 1
INSTRUMENTATION_STATUS: numtests=2
INSTRUMENTATION_STATUS: stream=.
INSTRUMENTATION_STATUS: id=AndroidJUnitRunner
INSTRUMENTATION_STATUS: test=pendingAndFailedMediaKeepDismissalAndRetryUsable
INSTRUMENTATION_STATUS: class=com.kinosail.player.mobile.LivePlaybackOverlayTest
INSTRUMENTATION_STATUS: current=1
INSTRUMENTATION_STATUS_CODE: 0
INSTRUMENTATION_STATUS: numtests=2
INSTRUMENTATION_STATUS: stream=
INSTRUMENTATION_STATUS: id=AndroidJUnitRunner
INSTRUMENTATION_STATUS: test=decodedLightVideoKeepsItsTitleAndActionsReadable
INSTRUMENTATION_STATUS: class=com.kinosail.player.mobile.LivePlaybackOverlayTest
INSTRUMENTATION_STATUS: current=2
INSTRUMENTATION_STATUS_CODE: 1
INSTRUMENTATION_STATUS: numtests=2
INSTRUMENTATION_STATUS: stream=.
INSTRUMENTATION_STATUS: id=AndroidJUnitRunner
INSTRUMENTATION_STATUS: test=decodedLightVideoKeepsItsTitleAndActionsReadable
INSTRUMENTATION_STATUS: class=com.kinosail.player.mobile.LivePlaybackOverlayTest
INSTRUMENTATION_STATUS: current=2
INSTRUMENTATION_STATUS_CODE: 0
INSTRUMENTATION_RESULT: stream=

Time: 14.319

OK (2 tests)


INSTRUMENTATION_CODE: -1
